// Jest Snapshot v1, https://goo.gl/fbAQLP

exports[`renders Link default correctly 1`] = `
<a
  aria-current={null}
  href="/weeklyreports"
  onClick={[Function]}
>
  <div
    className="component"
  >
    <div
      className="icon"
    >
      <span
        className="SVGInline SVGInline--cleaned"
        dangerouslySetInnerHTML={
          Object {
            "__html": "test-file-stub",
          }
        }
      />
    </div>
    <div
      className="text"
    >
      Weekly Issue Reports
    </div>
  </div>
</a>
`;
