// Jest Snapshot v1, https://goo.gl/fbAQLP

exports[`renders SimpleStat default correctly with custom style 1`] = `
<div
  className="stat"
>
  test label : 3
</div>
`;

exports[`renders Stat default correctly 1`] = `
<div
  className="stat"
>
  test label : 3
</div>
`;
